[     810ms] [INFO] %cDownload the React DevTools for a better development experience: https://react.dev/link/react-devtools font-weight:bold @ webpack-internal:///./node_modules/react-dom/cjs/react-dom-client.development.js:28003
[  282033ms] [ERROR] [webpack-dev-server] Errors while compiling. Reload prevented. @ webpack-internal:///./node_modules/webpack-dev-server/client/modules/logger/index.js:607
[  282036ms] [ERROR] [webpack-dev-server] ERROR in ./.docusaurus/registry.js
  × Cannot find module '@site/docs/02-人生系统/00-底层原则/02-人生是一场长期逆熵.md' for matched aliased key '@site'
 @ webpack-internal:///./node_modules/webpack-dev-server/client/modules/logger/index.js:607
[  282036ms] [ERROR] [webpack-dev-server] ERROR in ./.docusaurus/registry.js
  × Cannot find module '@site/docs/02-人生系统/00-底层原则/02-人生是一场长期逆熵.md' for matched aliased key '@site'
 @ webpack-internal:///./node_modules/webpack-dev-server/client/modules/logger/index.js:607
[  282036ms] [ERROR] [webpack-dev-server] ERROR in ./.docusaurus/registry.js
  × Cannot find module '@site/docs/02-人生系统/00-底层原则/01-创造确定性人生.mdx' for matched aliased key '@site'
 @ webpack-internal:///./node_modules/webpack-dev-server/client/modules/logger/index.js:607
[  282036ms] [ERROR] [webpack-dev-server] ERROR in ./.docusaurus/registry.js
  × Cannot find module '@site/docs/02-人生系统/00-人生系统.md' for matched aliased key '@site'
 @ webpack-internal:///./node_modules/webpack-dev-server/client/modules/logger/index.js:607
[  282036ms] [ERROR] [webpack-dev-server] ERROR in ./.docusaurus/registry.js
  × Cannot find module '@site/docs/02-人生系统/00-底层原则/01-创造确定性人生.mdx' for matched aliased key '@site'
 @ webpack-internal:///./node_modules/webpack-dev-server/client/modules/logger/index.js:607
[  282036ms] [ERROR] [webpack-dev-server] ERROR in ./.docusaurus/registry.js
  × Cannot find module '@site/docs/02-人生系统/00-人生系统.md' for matched aliased key '@site'
 @ webpack-internal:///./node_modules/webpack-dev-server/client/modules/logger/index.js:607
[  301656ms] [ERROR] Failed to load resource: net::ERR_EMPTY_RESPONSE @ http://localhost:3000/runtime~main.dcf4e89ad19cfacf.hot-update.json:0
[  302695ms] [ERROR] WebSocket connection to 'ws://localhost:3000/ws' failed: Error in connection establishment: net::ERR_CONNECTION_REFUSED @ webpack-internal:///./node_modules/webpack-dev-server/client/clients/WebSocketClient.js:24
[  302708ms] [ERROR] [webpack-dev-server] Event @ webpack-internal:///./node_modules/webpack-dev-server/client/modules/logger/index.js:607
[  304776ms] [ERROR] WebSocket connection to 'ws://localhost:3000/ws' failed: Error in connection establishment: net::ERR_CONNECTION_REFUSED @ webpack-internal:///./node_modules/webpack-dev-server/client/clients/WebSocketClient.js:24
[  304776ms] [ERROR] [webpack-dev-server] Event @ webpack-internal:///./node_modules/webpack-dev-server/client/modules/logger/index.js:607
[  312862ms] [INFO] %cDownload the React DevTools for a better development experience: https://react.dev/link/react-devtools font-weight:bold @ webpack-internal:///./node_modules/react-dom/cjs/react-dom-client.development.js:28003
