[     674ms] [INFO] %cDownload the React DevTools for a better development experience: https://react.dev/link/react-devtools font-weight:bold @ webpack-internal:///./node_modules/react-dom/cjs/react-dom-client.development.js:31147
[     885ms] [ERROR] The tag <%s> is unrecognized in this browser. If you meant to render a React component, start its name with an uppercase letter. contactcards @ webpack-internal:///./node_modules/react-dom/cjs/react-dom-client.development.js:13082
[   25397ms] [INFO] %cDownload the React DevTools for a better development experience: https://react.dev/link/react-devtools font-weight:bold @ webpack-internal:///./node_modules/react-dom/cjs/react-dom-client.development.js:31147
[   25464ms] [ERROR] The tag <%s> is unrecognized in this browser. If you meant to render a React component, start its name with an uppercase letter. contactcards @ webpack-internal:///./node_modules/react-dom/cjs/react-dom-client.development.js:13082
[  133344ms] [INFO] %cDownload the React DevTools for a better development experience: https://react.dev/link/react-devtools font-weight:bold @ webpack-internal:///./node_modules/react-dom/cjs/react-dom-client.development.js:31147
[  133415ms] [ERROR] The tag <%s> is unrecognized in this browser. If you meant to render a React component, start its name with an uppercase letter. contactcards @ webpack-internal:///./node_modules/react-dom/cjs/react-dom-client.development.js:13082
[  263244ms] [ERROR] [webpack-dev-server] Errors while compiling. Reload prevented. @ webpack-internal:///./node_modules/webpack-dev-server/client/modules/logger/index.js:607
[  263245ms] [ERROR] [webpack-dev-server] ERROR in ./.docusaurus/registry.js
  × Cannot find module '@site/docs/05-吴飞飞/01-关于/09-联系我.md' for matched aliased key '@site'
 @ webpack-internal:///./node_modules/webpack-dev-server/client/modules/logger/index.js:607
[  263245ms] [ERROR] [webpack-dev-server] ERROR in ./.docusaurus/registry.js
  × Cannot find module '@site/docs/05-吴飞飞/01-关于/09-联系我.md' for matched aliased key '@site'
 @ webpack-internal:///./node_modules/webpack-dev-server/client/modules/logger/index.js:607
[  266257ms] Error: Cannot find module '@site/docs/05-吴飞飞/01-关于/09-联系我.md'
    at __rspack_missing_module (webpack-internal:///./.docusaurus/registry.js:587:81)
[  326598ms] [INFO] %cDownload the React DevTools for a better development experience: https://react.dev/link/react-devtools font-weight:bold @ webpack-internal:///./node_modules/react-dom/cjs/react-dom-client.development.js:31147
[  476227ms] [INFO] %cDownload the React DevTools for a better development experience: https://react.dev/link/react-devtools font-weight:bold @ webpack-internal:///./node_modules/react-dom/cjs/react-dom-client.development.js:31147
[  648963ms] [INFO] %cDownload the React DevTools for a better development experience: https://react.dev/link/react-devtools font-weight:bold @ webpack-internal:///./node_modules/react-dom/cjs/react-dom-client.development.js:31147
[  762299ms] [LOG] [HMR] Reload all CSS @ webpack-internal:///./node_modules/@rspack/core/dist/cssExtractHmr.js:109
[  938965ms] [LOG] [HMR] Reload all CSS @ webpack-internal:///./node_modules/@rspack/core/dist/cssExtractHmr.js:109
[ 1939781ms] [LOG] [HMR] Reload all CSS @ webpack-internal:///./node_modules/@rspack/core/dist/cssExtractHmr.js:109
